1791477636.795 FAIL
1791477637.536 FAIL
1791477638.190 FAIL
1791477638.817 FAIL
1791477639.556 FAIL
1791477640.298 FAIL
1791477640.924 FAIL
1791477641.550 FAIL
1791477642.291 FAIL
1791477643.017 FAIL
1791477643.644 FAIL
1791477644.270 FAIL
1791477644.896 FAIL
1791477645.523 FAIL
1791477646.162 FAIL
1791477646.788 FAIL
1791477647.528 FAIL
1791477648.268 FAIL
1791477648.894 FAIL
1791477649.521 FAIL
1791477650.255 FAIL
1791477650.882 FAIL
1791477651.508 FAIL
1791477652.235 FAIL
1791477652.961 FAIL
1791477653.588 FAIL
1791477654.329 FAIL
1791477654.956 FAIL
1791477655.683 FAIL
1791477656.324 FAIL
1791477656.964 FAIL
1791477657.591 FAIL
1791477658.217 FAIL
1791477658.944 FAIL
1791477659.571 FAIL
1791477661.299 FAIL
1791477661.926 FAIL
1791477662.552 FAIL
1791477663.293 FAIL
1791477663.935 FAIL
1791477664.577 FAIL
1791477665.318 FAIL
1791477665.949 FAIL
1791477666.689 FAIL
1791477667.316 FAIL
1791477668.043 FAIL
1791477668.771 FAIL
1791477669.507 FAIL
1791477670.134 FAIL
1791477670.761 FAIL
1791477671.487 FAIL
1791477672.113 FAIL
1791477672.740 FAIL
1791477673.466 FAIL
1791477674.093 FAIL
1791477674.820 FAIL
1791477675.447 FAIL
1791477676.074 FAIL
1791477676.714 FAIL
1791477677.460 FAIL
1791477678.088 FAIL
1791477678.815 FAIL
1791477679.445 FAIL
1791477680.087 FAIL
1791477680.730 FAIL
1791477681.456 FAIL
1791477682.182 FAIL
1791477682.910 FAIL
1791477683.639 FAIL
1791477684.380 FAIL
1791477685.027 FAIL
1791477685.753 FAIL
1791477686.480 FAIL
1791477687.207 FAIL
1791477687.833 FAIL
1791477688.559 FAIL
1791477689.285 FAIL
1791477689.912 FAIL
1791477690.639 FAIL
1791477691.265 FAIL
1791477691.993 FAIL
1791477692.731 FAIL
1791477693.357 FAIL
1791477694.084 FAIL
1791477694.810 FAIL
1791477695.537 FAIL
1791477696.263 FAIL
1791477696.889 FAIL
1791477697.617 FAIL
1791477698.243 FAIL
1791477698.870 FAIL
1791477699.497 FAIL
1791477700.236 FAIL
1791477700.969 FAIL
1791477701.595 FAIL
1791477702.221 FAIL
1791477702.947 FAIL
1791477703.573 FAIL
1791477704.301 FAIL
1791477705.027 FAIL
1791477705.754 FAIL
1791477706.479 FAIL
1791477707.119 FAIL
1791477707.757 FAIL
1791477708.394 FAIL
1791477709.037 FAIL
1791477709.763 FAIL
1791477710.390 FAIL
1791477711.116 FAIL
1791477711.743 FAIL
1791477712.469 FAIL
1791477713.095 FAIL
1791477713.720 FAIL
1791477714.346 FAIL
1791477714.973 FAIL
1791477715.599 FAIL
1791477716.325 FAIL
1791477717.051 FAIL
1791477717.777 FAIL
1791477718.504 FAIL
1791477719.130 FAIL
1791477719.756 FAIL
1791477720.497 FAIL
1791477721.122 FAIL
1791477721.760 FAIL
1791477722.417 FAIL
1791477723.163 FAIL
1791477723.893 FAIL
1791477724.518 FAIL
1791477725.245 FAIL
1791477725.871 FAIL
1791477726.597 FAIL
1791477727.223 FAIL
1791477727.849 FAIL
1791477728.476 FAIL
1791477729.202 FAIL
1791477729.828 FAIL
1791477730.567 FAIL
1791477731.311 FAIL
1791477732.041 FAIL
1791477732.766 FAIL
1791477733.392 FAIL
1791477734.117 FAIL
1791477734.742 FAIL
1791477735.368 FAIL
1791477735.994 FAIL
1791477736.621 FAIL
1791477737.250 FAIL
1791477737.877 FAIL
1791477738.503 FAIL
1791477739.128 FAIL
1791477739.754 FAIL
1791477740.380 FAIL
1791477741.118 FAIL
1791477741.743 FAIL
1791477742.369 FAIL
1791477743.096 FAIL
1791477743.725 FAIL
1791477744.451 FAIL
1791477745.176 FAIL
1791477745.916 FAIL
1791477746.553 FAIL
1791477747.292 FAIL
1791477748.023 FAIL
1791477748.648 FAIL
1791477749.375 FAIL
1791477750.002 FAIL
1791477750.727 FAIL
1791477751.365 FAIL
1791477752.010 FAIL
1791477752.738 FAIL
1791477753.365 FAIL
1791477754.104 FAIL
1791477754.847 FAIL
1791477755.579 FAIL
1791477756.206 FAIL
1791477756.932 FAIL
1791477757.657 FAIL
1791477758.383 FAIL
1791477759.010 FAIL
1791477759.634 FAIL
1791477760.260 FAIL
1791477760.885 FAIL
1791477761.514 FAIL
1791477762.152 FAIL
1791477762.796 FAIL
1791477763.521 FAIL
1791477764.247 FAIL
1791477764.872 FAIL
1791477765.498 FAIL
1791477766.123 FAIL
1791477766.749 FAIL
1791477767.374 FAIL
1791477768.100 FAIL
1791477768.726 FAIL
1791477769.365 FAIL
1791477770.105 FAIL
1791477770.832 FAIL
1791477771.458 FAIL
1791477772.184 FAIL
1791477772.926 FAIL
1791477773.551 FAIL
1791477774.177 FAIL
1791477774.904 FAIL
1791477775.529 FAIL
1791477776.255 FAIL
1791477776.880 FAIL
1791477777.513 FAIL
1791477778.151 FAIL
1791477778.876 FAIL
1791477779.501 FAIL
1791477780.227 FAIL
1791477780.855 FAIL
1791477781.583 FAIL
1791477782.209 FAIL
1791477782.935 FAIL
1791477783.560 FAIL
1791477784.186 FAIL
1791477784.812 FAIL
1791477785.551 FAIL
1791477786.192 FAIL
1791477786.817 FAIL
1791477787.558 FAIL
1791477788.199 FAIL
1791477788.825 FAIL
1791477789.451 FAIL
1791477790.077 ok
1791477790.715 ok
1791477791.358 ok
1791477791.984 ok
1791477792.610 ok
1791477793.336 ok
1791477794.063 ok
1791477794.690 ok
1791477795.418 ok
1791477796.044 FAIL
1791477799.580 FAIL
1791477800.407 FAIL
1791477801.234 FAIL
1791477801.974 FAIL
1791477802.607 ok
1791477803.233 ok
1791477803.959 ok
1791477804.697 ok
1791477805.428 ok
1791477806.155 ok
1791477806.781 ok
1791477807.507 ok
1791477808.133 ok
1791477808.872 ok
1791477809.617 ok
1791477810.244 ok
1791477810.972 ok
1791477811.599 ok
1791477812.225 ok
1791477812.851 ok
1791477813.478 ok
1791477814.104 ok
1791477814.846 ok
1791477815.488 ok
1791477816.114 ok
1791477816.848 ok
1791477817.474 ok
1791477818.213 ok
1791477818.955 ok
1791477819.593 ok
1791477820.336 ok
1791477820.976 ok
1791477821.619 ok
1791477822.245 ok
1791477822.981 ok
1791477823.607 ok
1791477824.334 ok
1791477825.073 ok
1791477825.817 ok
1791477826.543 ok
1791477827.169 ok
1791477827.796 ok
1791477828.422 ok
1791477829.048 ok
1791477829.775 ok
1791477830.401 ok
1791477831.027 ok
1791477831.653 ok
1791477832.387 ok
1791477833.114 ok
1791477833.741 ok
1791477834.468 ok
1791477835.107 ok
1791477835.850 ok
1791477836.577 ok
1791477837.203 ok
1791477837.943 ok
1791477838.576 ok
1791477839.304 ok
1791477839.931 ok
1791477840.658 ok
1791477841.286 ok
1791477842.026 ok
1791477842.653 ok
1791477843.380 ok
1791477844.007 ok
1791477844.633 ok
1791477845.361 ok
1791477846.089 ok
1791477846.817 ok
1791477847.444 ok
1791477848.178 ok
1791477848.804 ok
1791477849.430 ok
1791477850.069 ok
1791477850.713 ok
1791477851.339 ok
1791477851.965 ok
1791477852.703 ok
1791477853.339 ok
1791477853.965 ok
1791477854.702 ok
1791477855.440 ok
1791477856.066 ok
1791477856.793 ok
